ffprobe version 8.1.1 Copyright (c) 2007-2026 the FFmpeg developers
  built with Apple clang version 21.0.0 (clang-2100.1.1.101)
  configuration: --prefix=/Users/edycu/homebrew/Cellar/ffmpeg/8.1.1 --enable-shared --enable-pthreads --enable-version3 --cc=clang --host-cflags= --host-ldflags= --enable-ffplay --enable-gpl --enable-libsvtav1 --enable-libopus --enable-libx264 --enable-libmp3lame --enable-libdav1d --enable-libvmaf --enable-libvpx --enable-libx265 --enable-openssl --enable-videotoolbox --enable-audiotoolbox --enable-neon
  libavutil      60. 26.101 / 60. 26.101
  libavcodec     62. 28.101 / 62. 28.101
  libavformat    62. 12.101 / 62. 12.101
  libavdevice    62.  3.101 / 62.  3.101
  libavfilter    11. 14.101 / 11. 14.101
  libswscale      9.  5.101 /  9.  5.101
  libswresample   6.  3.101 /  6.  3.101
Input #0, lavfi, from 'movie=bench_feature.mp4,signalstats':
  Duration: N/A, start: 0.000000, bitrate: N/A
  Stream #0:0: Video: wrapped_avframe, yuv420p, 1280x720 [SAR 1:1 DAR 16:9], 25 fps, 25 tbr, 12800 tbn
Extracting metrics using ffprobe...
Adding frame_id...
Warming ClickHouse...
Iteration 1/5...
  Detected: 57896, Expected: 57896
Iteration 2/5...
  Detected: 57896, Expected: 57896
Iteration 3/5...
  Detected: 57896, Expected: 57896
Iteration 4/5...
  Detected: 57896, Expected: 57896
Iteration 5/5...
  Detected: 57896, Expected: 57896

BENCHMARK RESULTS (seconds):
INGEST: p50 = 2.486 / p95 = 3.379
DETECT: p50 = 0.423 / p95 = 14.252
TOTAL:  p50 = 2.910 / p95 = 16.521
